Archive member included to satisfy reference by file (symbol)

c:/st/stm32cubeide_1.7.0/stm32cubeide/plugins/com.st.stm32cube.ide.mcu.externaltools.gnu-tools-for-stm32.9-2020-q2-update.win32_2.0.0.202105311346/tools/bin/../lib/gcc/arm-none-eabi/9.3.1/../../../../arm-none-eabi/lib/thumb/v7-m/nofp\libc_nano.a(lib_a-errno.o)
                              ./Core/Src/syscalls.o (__errno)
c:/st/stm32cubeide_1.7.0/stm32cubeide/plugins/com.st.stm32cube.ide.mcu.externaltools.gnu-tools-for-stm32.9-2020-q2-update.win32_2.0.0.202105311346/tools/bin/../lib/gcc/arm-none-eabi/9.3.1/../../../../arm-none-eabi/lib/thumb/v7-m/nofp\libc_nano.a(lib_a-exit.o)
                              c:/st/stm32cubeide_1.7.0/stm32cubeide/plugins/com.st.stm32cube.ide.mcu.externaltools.gnu-tools-for-stm32.9-2020-q2-update.win32_2.0.0.202105311346/tools/bin/../lib/gcc/arm-none-eabi/9.3.1/../../../../arm-none-eabi/lib/thumb/v7-m/nofp/crt0.o (exit)
c:/st/stm32cubeide_1.7.0/stm32cubeide/plugins/com.st.stm32cube.ide.mcu.externaltools.gnu-tools-for-stm32.9-2020-q2-update.win32_2.0.0.202105311346/tools/bin/../lib/gcc/arm-none-eabi/9.3.1/../../../../arm-none-eabi/lib/thumb/v7-m/nofp\libc_nano.a(lib_a-impure.o)
                              c:/st/stm32cubeide_1.7.0/stm32cubeide/plugins/com.st.stm32cube.ide.mcu.externaltools.gnu-tools-for-stm32.9-2020-q2-update.win32_2.0.0.202105311346/tools/bin/../lib/gcc/arm-none-eabi/9.3.1/../../../../arm-none-eabi/lib/thumb/v7-m/nofp\libc_nano.a(lib_a-exit.o) (_global_impure_ptr)
c:/st/stm32cubeide_1.7.0/stm32cubeide/plugins/com.st.stm32cube.ide.mcu.externaltools.gnu-tools-for-stm32.9-2020-q2-update.win32_2.0.0.202105311346/tools/bin/../lib/gcc/arm-none-eabi/9.3.1/../../../../arm-none-eabi/lib/thumb/v7-m/nofp\libc_nano.a(lib_a-init.o)
                              c:/st/stm32cubeide_1.7.0/stm32cubeide/plugins/com.st.stm32cube.ide.mcu.externaltools.gnu-tools-for-stm32.9-2020-q2-update.win32_2.0.0.202105311346/tools/bin/../lib/gcc/arm-none-eabi/9.3.1/../../../../arm-none-eabi/lib/thumb/v7-m/nofp/crt0.o (__libc_init_array)
c:/st/stm32cubeide_1.7.0/stm32cubeide/plugins/com.st.stm32cube.ide.mcu.externaltools.gnu-tools-for-stm32.9-2020-q2-update.win32_2.0.0.202105311346/tools/bin/../lib/gcc/arm-none-eabi/9.3.1/../../../../arm-none-eabi/lib/thumb/v7-m/nofp\libc_nano.a(lib_a-malloc.o)
                              ./Core/Src/input_processing.o (malloc)
c:/st/stm32cubeide_1.7.0/stm32cubeide/plugins/com.st.stm32cube.ide.mcu.externaltools.gnu-tools-for-stm32.9-2020-q2-update.win32_2.0.0.202105311346/tools/bin/../lib/gcc/arm-none-eabi/9.3.1/../../../../arm-none-eabi/lib/thumb/v7-m/nofp\libc_nano.a(lib_a-memset.o)
                              c:/st/stm32cubeide_1.7.0/stm32cubeide/plugins/com.st.stm32cube.ide.mcu.externaltools.gnu-tools-for-stm32.9-2020-q2-update.win32_2.0.0.202105311346/tools/bin/../lib/gcc/arm-none-eabi/9.3.1/../../../../arm-none-eabi/lib/thumb/v7-m/nofp/crt0.o (memset)
c:/st/stm32cubeide_1.7.0/stm32cubeide/plugins/com.st.stm32cube.ide.mcu.externaltools.gnu-tools-for-stm32.9-2020-q2-update.win32_2.0.0.202105311346/tools/bin/../lib/gcc/arm-none-eabi/9.3.1/../../../../arm-none-eabi/lib/thumb/v7-m/nofp\libc_nano.a(lib_a-nano-freer.o)
                              c:/st/stm32cubeide_1.7.0/stm32cubeide/plugins/com.st.stm32cube.ide.mcu.externaltools.gnu-tools-for-stm32.9-2020-q2-update.win32_2.0.0.202105311346/tools/bin/../lib/gcc/arm-none-eabi/9.3.1/../../../../arm-none-eabi/lib/thumb/v7-m/nofp\libc_nano.a(lib_a-malloc.o) (_free_r)
c:/st/stm32cubeide_1.7.0/stm32cubeide/plugins/com.st.stm32cube.ide.mcu.externaltools.gnu-tools-for-stm32.9-2020-q2-update.win32_2.0.0.202105311346/tools/bin/../lib/gcc/arm-none-eabi/9.3.1/../../../../arm-none-eabi/lib/thumb/v7-m/nofp\libc_nano.a(lib_a-nano-mallocr.o)
                              c:/st/stm32cubeide_1.7.0/stm32cubeide/plugins/com.st.stm32cube.ide.mcu.externaltools.gnu-tools-for-stm32.9-2020-q2-update.win32_2.0.0.202105311346/tools/bin/../lib/gcc/arm-none-eabi/9.3.1/../../../../arm-none-eabi/lib/thumb/v7-m/nofp\libc_nano.a(lib_a-malloc.o) (_malloc_r)
c:/st/stm32cubeide_1.7.0/stm32cubeide/plugins/com.st.stm32cube.ide.mcu.externaltools.gnu-tools-for-stm32.9-2020-q2-update.win32_2.0.0.202105311346/tools/bin/../lib/gcc/arm-none-eabi/9.3.1/../../../../arm-none-eabi/lib/thumb/v7-m/nofp\libc_nano.a(lib_a-sbrkr.o)
                              c:/st/stm32cubeide_1.7.0/stm32cubeide/plugins/com.st.stm32cube.ide.mcu.externaltools.gnu-tools-for-stm32.9-2020-q2-update.win32_2.0.0.202105311346/tools/bin/../lib/gcc/arm-none-eabi/9.3.1/../../../../arm-none-eabi/lib/thumb/v7-m/nofp\libc_nano.a(lib_a-nano-mallocr.o) (_sbrk_r)
c:/st/stm32cubeide_1.7.0/stm32cubeide/plugins/com.st.stm32cube.ide.mcu.externaltools.gnu-tools-for-stm32.9-2020-q2-update.win32_2.0.0.202105311346/tools/bin/../lib/gcc/arm-none-eabi/9.3.1/../../../../arm-none-eabi/lib/thumb/v7-m/nofp\libc_nano.a(lib_a-mlock.o)
[...]
Memory Configuration

Name             Origin             Length             Attributes
RAM              0x0000000020000000 0x0000000000002800 xrw
FLASH            0x0000000008000000 0x0000000000008000 xr
*default*        0x0000000000000000 0xffffffffffffffff

Linker script and memory map

LOAD c:/st/stm32cubeide_1.7.0/stm32cubeide/plugins/com.st.stm32cube.ide.mcu.externaltools.gnu-tools-for-stm32.9-2020-q2-update.win32_2.0.0.202105311346/tools/bin/../lib/gcc/arm-none-eabi/9.3.1/thumb/v7-m/nofp/crti.o
LOAD c:/st/stm32cubeide_1.7.0/stm32cubeide/plugins/com.st.stm32cube.ide.mcu.externaltools.gnu-tools-for-stm32.9-2020-q2-update.win32_2.0.0.202105311346/tools/bin/../lib/gcc/arm-none-eabi/9.3.1/thumb/v7-m/nofp/crtbegin.o
LOAD c:/st/stm32cubeide_1.7.0/stm32cubeide/plugins/com.st.stm32cube.ide.mcu.externaltools.gnu-tools-for-stm32.9-2020-q2-update.win32_2.0.0.202105311346/tools/bin/../lib/gcc/arm-none-eabi/9.3.1/../../../../arm-none-eabi/lib/thumb/v7-m/nofp/crt0.o
LOAD ./Core/Src/7seg.o
LOAD ./Core/Src/input_processing.o
LOAD ./Core/Src/input_reading.o
LOAD ./Core/Src/main.o
LOAD ./Core/Src/stm32f1xx_hal_msp.o
LOAD ./Core/Src/stm32f1xx_it.o
LOAD ./Core/Src/syscalls.o
LOAD ./Core/Src/sysmem.o
LOAD ./Core/Src/system_stm32f1xx.o
LOAD ./Core/Src/timer.o
LOAD ./Core/Src/traffic.o
LOAD ./Core/Startup/startup_stm32f103c6tx.o
LOAD ./Drivers/STM32F1xx_HAL_Driver/Src/stm32f1xx_hal.o
LOAD ./Drivers/STM32F1xx_HAL_Driver/Src/stm32f1xx_hal_cortex.o
LOAD ./Drivers/STM32F1xx_HAL_Driver/Src/stm32f1xx_hal_dma.o
LOAD ./Drivers/STM32F1xx_HAL_Driver/Src/stm32f1xx_hal_exti.o
LOAD ./Drivers/STM32F1xx_HAL_Driver/Src/stm32f1xx_hal_flash.o
LOAD ./Drivers/STM32F1xx_HAL_Driver/Src/stm32f1xx_hal_flash_ex.o
LOAD ./Drivers/STM32F1xx_HAL_Driver/Src/stm32f1xx_hal_gpio.o
LOAD ./Drivers/STM32F1xx_HAL_Driver/Src/stm32f1xx_hal_gpio_ex.o
LOAD ./Drivers/STM32F1xx_HAL_Driver/Src/stm32f1xx_hal_pwr.o
LOAD ./Drivers/STM32F1xx_HAL_Driver/Src/stm32f1xx_hal_rcc.o
LOAD ./Drivers/STM32F1xx_HAL_Driver/Src/stm32f1xx_hal_rcc_ex.o
LOAD ./Drivers/STM32F1xx_HAL_Driver/Src/stm32f1xx_hal_tim.o
LOAD ./Drivers/STM32F1xx_HAL_Driver/Src/stm32f1xx_hal_tim_ex.o
START GROUP
LOAD c:/st/stm32cubeide_1.7.0/stm32cubeide/plugins/com.st.stm32cube.ide.mcu.externaltools.gnu-tools-for-stm32.9-2020-q2-update.win32_2.0.0.202105311346/tools/bin/../lib/gcc/arm-none-eabi/9.3.1/../../../../arm-none-eabi/lib/thumb/v7-m/nofp\libc_nano.a
LOAD c:/st/stm32cubeide_1.7.0/stm32cubeide/plugins/com.st.stm32cube.ide.mcu.externaltools.gnu-tools-for-stm32.9-2020-q2-update.win32_2.0.0.202105311346/tools/bin/../lib/gcc/arm-none-eabi/9.3.1/../../../../arm-none-eabi/lib/thumb/v7-m/nofp\libm.a
END GROUP
START GROUP
LOAD c:/st/stm32cubeide_1.7.0/stm32cubeide/plugins/com.st.stm32cube.ide.mcu.externaltools.gnu-tools-for-stm32.9-2020-q2-update.win32_2.0.0.202105311346/tools/bin/../lib/gcc/arm-none-eabi/9.3.1/thumb/v7-m/nofp\libgcc.a
LOAD c:/st/stm32cubeide_1.7.0/stm32cubeide/plugins/com.st.stm32cube.ide.mcu.externaltools.gnu-tools-for-stm32.9-2020-q2-update.win32_2.0.0.202105311346/tools/bin/../lib/gcc/arm-none-eabi/9.3.1/../../../../arm-none-eabi/lib/thumb/v7-m/nofp\libc_nano.a
END GROUP
START GROUP
LOAD c:/st/stm32cubeide_1.7.0/stm32cubeide/plugins/com.st.stm32cube.ide.mcu.externaltools.gnu-tools-for-stm32.9-2020-q2-update.win32_2.0.0.202105311346/tools/bin/../lib/gcc/arm-none-eabi/9.3.1/thumb/v7-m/nofp\libgcc.a
LOAD c:/st/stm32cubeide_1.7.0/stm32cubeide/plugins/com.st.stm32cube.ide.mcu.externaltools.gnu-tools-for-stm32.9-2020-q2-update.win32_2.0.0.202105311346/tools/bin/../lib/gcc/arm-none-eabi/9.3.1/../../../../arm-none-eabi/lib/thumb/v7-m/nofp\libc_nano.a
LOAD c:/st/stm32cubeide_1.7.0/stm32cubeide/plugins/com.st.stm32cube.ide.mcu.externaltools.gnu-tools-for-stm32.9-2020-q2-update.win32_2.0.0.202105311346/tools/bin/../lib/gcc/arm-none-eabi/9.3.1/../../../../arm-none-eabi/lib/thumb/v7-m/nofp\libnosys.a
END GROUP
START GROUP
LOAD c:/st/stm32cubeide_1.7.0/stm32cubeide/plugins/com.st.stm32cube.ide.mcu.externaltools.gnu-tools-for-stm32.9-2020-q2-update.win32_2.0.0.202105311346/tools/bin/../lib/gcc/arm-none-eabi/9.3.1/thumb/v7-m/nofp\libgcc.a
LOAD c:/st/stm32cubeide_1.7.0/stm32cubeide/plugins/com.st.stm32cube.ide.mcu.externaltools.gnu-tools-for-stm32.9-2020-q2-update.win32_2.0.0.202105311346/tools/bin/../lib/gcc/arm-none-eabi/9.3.1/../../../../arm-none-eabi/lib/thumb/v7-m/nofp\libc_nano.a
LOAD c:/st/stm32cubeide_1.7.0/stm32cubeide/plugins/com.st.stm32cube.ide.mcu.externaltools.gnu-tools-for-stm32.9-2020-q2-update.win32_2.0.0.202105311346/tools/bin/../lib/gcc/arm-none-eabi/9.3.1/../../../../arm-none-eabi/lib/thumb/v7-m/nofp\libnosys.a
END GROUP
LOAD c:/st/stm32cubeide_1.7.0/stm32cubeide/plugins/com.st.stm32cube.ide.mcu.externaltools.gnu-tools-for-stm32.9-2020-q2-update.win32_2.0.0.202105311346/tools/bin/../lib/gcc/arm-none-eabi/9.3.1/thumb/v7-m/nofp/crtend.o
LOAD c:/st/stm32cubeide_1.7.0/stm32cubeide/plugins/com.st.stm32cube.ide.mcu.externaltools.gnu-tools-for-stm32.9-2020-q2-update.win32_2.0.0.202105311346/tools/bin/../lib/gcc/arm-none-eabi/9.3.1/thumb/v7-m/nofp/crtn.o
                0x0000000020002800                _estack = (ORIGIN (RAM) + LENGTH (RAM))
                0x0000000000000200                _Min_Heap_Size = 0x200
                0x0000000000000400                _Min_Stack_Size = 0x400

.isr_vector     0x0000000008000000      0x10c
                0x0000000008000000                . = ALIGN (0x4)
 *(.isr_vector)
 .isr_vector    0x0000000008000000      0x10c ./Core/Startup/startup_stm32f103c6tx.o
                0x0000000008000000                g_pfnVectors
                0x000000000800010c                . = ALIGN (0x4)

.text           0x000000000800010c     0x2c18
                0x000000000800010c                . = ALIGN (0x4)
 *(.text)
 .text          0x000000000800010c       0x40 c:/st/stm32cubeide_1.7.0/stm32cubeide/plugins/com.st.stm32cube.ide.mcu.externaltools.gnu-tools-for-stm32.9-2020-q2-update.win32_2.0.0.202105311346/tools/bin/../lib/gcc/arm-none-eabi/9.3.1/thumb/v7-m/nofp/crtbegin.o
 *(.text*)
 .text.init_led7
                0x000000000800014c       0x98 ./Core/Src/7seg.o
                0x000000000800014c                init_led7
 .text.display_7SEG
                0x00000000080001e4       0xd4 ./Core/Src/7seg.o
                0x00000000080001e4                display_7SEG
 .text.init_fsm_input_processing
                0x00000000080002b8       0x88 ./Core/Src/input_processing.o
                0x00000000080002b8                init_fsm_input_processing
 .text.fsm_for_input_processing
                0x0000000008000340       0x88 ./Core/Src/input_processing.o
                0x0000000008000340                fsm_for_input_processing
 .text.fsm_for_traffic_control
                0x00000000080003c8       0xa4 ./Core/Src/input_processing.o
                0x00000000080003c8                fsm_for_traffic_control
 .text.process  0x000000000800046c       0xd8 ./Core/Src/input_processing.o
                0x000000000800046c                process
 .text.setBufferLed7
                0x0000000008000544       0x78 ./Core/Src/input_processing.o
                0x0000000008000544                setBufferLed7
 .text.scanLed7
                0x00000000080005bc       0x44 ./Core/Src/input_processing.o
                0x00000000080005bc                scanLed7
 .text.increase
                0x0000000008000600       0xe8 ./Core/Src/input_processing.o
                0x0000000008000600                increase
 .text.decrease
                0x00000000080006e8       0xe8 ./Core/Src/input_processing.o
                0x00000000080006e8                decrease
 .text.blinkTraffic
                0x00000000080007d0       0x94 ./Core/Src/input_processing.o
                0x00000000080007d0                blinkTraffic
 .text.init_button_reading
                0x0000000008000864       0xa4 ./Core/Src/input_reading.o
                0x0000000008000864                init_button_reading
 .text.button_reading
                0x0000000008000908       0x9c ./Core/Src/input_reading.o
                0x0000000008000908                button_reading
 .text.is_button_pressed
                0x00000000080009a4       0x40 ./Core/Src/input_reading.o
                0x00000000080009a4                is_button_pressed
 .text.main     0x00000000080009e4       0x30 ./Core/Src/main.o
                0x00000000080009e4                main
 .text.SystemClock_Config
                0x0000000008000a14       0x76 ./Core/Src/main.o
                0x0000000008000a14                SystemClock_Config
 *fill*         0x0000000008000a8a        0x2 
 .text.MX_TIM2_Init
                0x0000000008000a8c       0x98 ./Core/Src/main.o
 .text.MX_GPIO_Init
                0x0000000008000b24       0xc8 ./Core/Src/main.o
 .text.Error_Handler
                0x0000000008000bec        0xa ./Core/Src/main.o
                0x0000000008000bec                Error_Handler
 *fill*         0x0000000008000bf6        0x2 
 .text.HAL_MspInit
                0x0000000008000bf8       0x64 ./Core/Src/stm32f1xx_hal_msp.o
                0x0000000008000bf8                HAL_MspInit
 .text.HAL_TIM_Base_MspInit
                0x0000000008000c5c       0x48 ./Core/Src/stm32f1xx_hal_msp.o
                0x0000000008000c5c                HAL_TIM_Base_MspInit
 .text.NMI_Handler
                0x0000000008000ca4        0x6 ./Core/Src/stm32f1xx_it.o
                0x0000000008000ca4                NMI_Handler
 .text.HardFault_Handler
                0x0000000008000caa        0x6 ./Core/Src/stm32f1xx_it.o
                0x0000000008000caa                HardFault_Handler
 .text.MemManage_Handler
                0x0000000008000cb0        0x6 ./Core/Src/stm32f1xx_it.o
                0x0000000008000cb0                MemManage_Handler
 .text.BusFault_Handler
                0x0000000008000cb6        0x6 ./Core/Src/stm32f1xx_it.o
                0x0000000008000cb6                BusFault_Handler
 .text.UsageFault_Handler
                0x0000000008000cbc        0x6 ./Core/Src/stm32f1xx_it.o
                0x0000000008000cbc                UsageFault_Handler
 .text.SVC_Handler
                0x0000000008000cc2        0xc ./Core/Src/stm32f1xx_it.o
                0x0000000008000cc2                SVC_Handler
 .text.DebugMon_Handler
                0x0000000008000cce        0xc ./Core/Src/stm32f1xx_it.o
                0x0000000008000cce                DebugMon_Handler
 .text.PendSV_Handler
                0x0000000008000cda        0xc ./Core/Src/stm32f1xx_it.o
                0x0000000008000cda                PendSV_Handler
 .text.SysTick_Handler
                0x0000000008000ce6        0xc ./Core/Src/stm32f1xx_it.o
                0x0000000008000ce6                SysTick_Handler
 *fill*         0x0000000008000cf2        0x2 
 .text.TIM2_IRQHandler
                0x0000000008000cf4       0x14 ./Core/Src/stm32f1xx_it.o
                0x0000000008000cf4                TIM2_IRQHandler
 .text._kill    0x0000000008000d08       0x20 ./Core/Src/syscalls.o
                0x0000000008000d08                _kill
 .text._exit    0x0000000008000d28       0x14 ./Core/Src/syscalls.o
                0x0000000008000d28                _exit
 .text._sbrk    0x0000000008000d3c       0x6c ./Core/Src/sysmem.o
                0x0000000008000d3c                _sbrk
 .text.SystemInit
                0x0000000008000da8        0xc ./Core/Src/system_stm32f1xx.o
                0x0000000008000da8                SystemInit
 .text.init_timer
                0x0000000008000db4      0x154 ./Core/Src/timer.o
                0x0000000008000db4                init_timer
 .text.setMilTimer
                0x0000000008000f08       0x7c ./Core/Src/timer.o
                0x0000000008000f08                setMilTimer
 .text.setSecTimer
                0x0000000008000f84       0x84 ./Core/Src/timer.o
                0x0000000008000f84                setSecTimer
 .text.getMilFlag
                0x0000000008001008       0x38 ./Core/Src/timer.o
                0x0000000008001008                getMilFlag
 .text.getSecFlag
                0x0000000008001040       0x38 ./Core/Src/timer.o
                0x0000000008001040                getSecFlag
 .text.getSecCounter
                0x0000000008001078       0x50 ./Core/Src/timer.o
                0x0000000008001078                getSecCounter
 .text.controlSecTimer
                0x00000000080010c8       0x2c ./Core/Src/timer.o
                0x00000000080010c8                controlSecTimer
 .text.HAL_TIM_PeriodElapsedCallback
                0x00000000080010f4      0x100 ./Core/Src/timer.o
                0x00000000080010f4                HAL_TIM_PeriodElapsedCallback
 .text.copyArray
                0x00000000080011f4       0x3c ./Core/Src/traffic.o
                0x00000000080011f4                copyArray
 .text.init_traffic
                0x0000000008001230       0xa4 ./Core/Src/traffic.o
                0x0000000008001230                init_traffic
 .text.traffic_display
                0x00000000080012d4      0x208 ./Core/Src/traffic.o
                0x00000000080012d4                traffic_display
 .text.clearTraffic
                0x00000000080014dc       0x20 ./Core/Src/traffic.o
                0x00000000080014dc                clearTraffic
 .text.getUpdateFlag
                0x00000000080014fc       0x24 ./Core/Src/traffic.o
                0x00000000080014fc                getUpdateFlag
 .text.updateNextPeriod
                0x0000000008001520       0x18 ./Core/Src/traffic.o
                0x0000000008001520                updateNextPeriod
 .text.Reset_Handler
                0x0000000008001538       0x48 ./Core/Startup/startup_stm32f103c6tx.o
                0x0000000008001538                Reset_Handler
 .text.Default_Handler
                0x0000000008001580        0x2 ./Core/Startup/startup_stm32f103c6tx.o
                0x0000000008001580                RTC_Alarm_IRQHandler
                0x0000000008001580                EXTI2_IRQHandler
                0x0000000008001580                TIM1_CC_IRQHandler
                0x0000000008001580                PVD_IRQHandler
                0x0000000008001580                EXTI3_IRQHandler
                0x0000000008001580                EXTI0_IRQHandler
                0x0000000008001580                ADC1_2_IRQHandler
                0x0000000008001580                SPI1_IRQHandler
                0x0000000008001580                TAMPER_IRQHandler
                0x0000000008001580                DMA1_Channel4_IRQHandler
                0x0000000008001580                RTC_IRQHandler
                0x0000000008001580                DMA1_Channel7_IRQHandler
                0x0000000008001580                CAN1_RX1_IRQHandler
                0x0000000008001580                I2C1_EV_IRQHandler
                0x0000000008001580                DMA1_Channel6_IRQHandler
                0x0000000008001580                TIM3_IRQHandler
                0x0000000008001580                RCC_IRQHandler
                0x0000000008001580                TIM1_TRG_COM_IRQHandler
                0x0000000008001580                DMA1_Channel1_IRQHandler
                0x0000000008001580                Default_Handler
                0x0000000008001580                EXTI15_10_IRQHandler
                0x0000000008001580                EXTI9_5_IRQHandler
                0x0000000008001580                DMA1_Channel5_IRQHandler
                0x0000000008001580                EXTI4_IRQHandler
                0x0000000008001580                USB_LP_CAN1_RX0_IRQHandler
                0x0000000008001580                USB_HP_CAN1_TX_IRQHandler
                0x0000000008001580                DMA1_Channel3_IRQHandler
                0x0000000008001580                TIM1_UP_IRQHandler
                0x0000000008001580                WWDG_IRQHandler
                0x0000000008001580                TIM1_BRK_IRQHandler
                0x0000000008001580                EXTI1_IRQHandler
                0x0000000008001580                USART2_IRQHandler
                0x0000000008001580                DMA1_Channel2_IRQHandler
                0x0000000008001580                CAN1_SCE_IRQHandler
                0x0000000008001580                FLASH_IRQHandler
                0x0000000008001580                USART1_IRQHandler
                0x0000000008001580                I2C1_ER_IRQHandler
                0x0000000008001580                USBWakeUp_IRQHandler
 *fill*         0x0000000008001582        0x2 
 .text.HAL_Init
                0x0000000008001584       0x2c ./Drivers/STM32F1xx_HAL_Driver/Src/stm32f1xx_hal.o
                0x0000000008001584                HAL_Init
 .text.HAL_InitTick
                0x00000000080015b0       0x60 ./Drivers/STM32F1xx_HAL_Driver/Src/stm32f1xx_hal.o
                0x00000000080015b0                HAL_InitTick
 .text.HAL_IncTick
                0x0000000008001610       0x24 ./Drivers/STM32F1xx_HAL_Driver/Src/stm32f1xx_hal.o
                0x0000000008001610                HAL_IncTick
 .text.HAL_GetTick
                0x0000000008001634       0x14 ./Drivers/STM32F1xx_HAL_Driver/Src/stm32f1xx_hal.o
                0x0000000008001634                HAL_GetTick
 .text.__NVIC_SetPriorityGrouping
                0x0000000008001648       0x48 ./Drivers/STM32F1xx_HAL_Driver/Src/stm32f1xx_hal_cortex.o
 .text.__NVIC_GetPriorityGrouping
                0x0000000008001690       0x1c ./Drivers/STM32F1xx_HAL_Driver/Src/stm32f1xx_hal_cortex.o
 .text.__NVIC_EnableIRQ
                0x00000000080016ac       0x38 ./Drivers/STM32F1xx_HAL_Driver/Src/stm32f1xx_hal_cortex.o
 .text.__NVIC_SetPriority
                0x00000000080016e4       0x54 ./Drivers/STM32F1xx_HAL_Driver/Src/stm32f1xx_hal_cortex.o
 .text.NVIC_EncodePriority
                0x0000000008001738       0x64 ./Drivers/STM32F1xx_HAL_Driver/Src/stm32f1xx_hal_cortex.o
 .text.SysTick_Config
                0x000000000800179c       0x44 ./Drivers/STM32F1xx_HAL_Driver/Src/stm32f1xx_hal_cortex.o
 .text.HAL_NVIC_SetPriorityGrouping
                0x00000000080017e0       0x16 ./Drivers/STM32F1xx_HAL_Driver/Src/stm32f1xx_hal_cortex.o
                0x00000000080017e0                HAL_NVIC_SetPriorityGrouping
 .text.HAL_NVIC_SetPriority
                0x00000000080017f6       0x38 ./Drivers/STM32F1xx_HAL_Driver/Src/stm32f1xx_hal_cortex.o
                0x00000000080017f6                HAL_NVIC_SetPriority
 .text.HAL_NVIC_EnableIRQ
                0x000000000800182e       0x1c ./Drivers/STM32F1xx_HAL_Driver/Src/stm32f1xx_hal_cortex.o
                0x000000000800182e                HAL_NVIC_EnableIRQ
 .text.HAL_SYSTICK_Config
                0x000000000800184a       0x18 ./Drivers/STM32F1xx_HAL_Driver/Src/stm32f1xx_hal_cortex.o
                0x000000000800184a                HAL_SYSTICK_Config
 *fill*         0x0000000008001862        0x2 
 .text.HAL_GPIO_Init
                0x0000000008001864      0x2f4 ./Drivers/STM32F1xx_HAL_Driver/Src/stm32f1xx_hal_gpio.o
                0x0000000008001864                HAL_GPIO_Init
 .text.HAL_GPIO_ReadPin
                0x0000000008001b58       0x2e ./Drivers/STM32F1xx_HAL_Driver/Src/stm32f1xx_hal_gpio.o
                0x0000000008001b58                HAL_GPIO_ReadPin
 .text.HAL_GPIO_WritePin
                0x0000000008001b86       0x30 ./Drivers/STM32F1xx_HAL_Driver/Src/stm32f1xx_hal_gpio.o
                0x0000000008001b86                HAL_GPIO_WritePin
 .text.HAL_GPIO_TogglePin
                0x0000000008001bb6       0x32 ./Drivers/STM32F1xx_HAL_Driver/Src/stm32f1xx_hal_gpio.o
                0x0000000008001bb6                HAL_GPIO_TogglePin
 .text.HAL_RCC_OscConfig
                0x0000000008001be8      0x500 ./Drivers/STM32F1xx_HAL_Driver/Src/stm32f1xx_hal_rcc.o
                0x0000000008001be8                HAL_RCC_OscConfig
 .text.HAL_RCC_ClockConfig
                0x00000000080020e8      0x1d4 ./Drivers/STM32F1xx_HAL_Driver/Src/stm32f1xx_hal_rcc.o
                0x00000000080020e8                HAL_RCC_ClockConfig
 .text.HAL_RCC_GetSysClockFreq
                0x00000000080022bc       0xc0 ./Drivers/STM32F1xx_HAL_Driver/Src/stm32f1xx_hal_rcc.o
                0x00000000080022bc                HAL_RCC_GetSysClockFreq
 .text.RCC_Delay
                0x000000000800237c       0x3c ./Drivers/STM32F1xx_HAL_Driver/Src/stm32f1xx_hal_rcc.o
 .text.HAL_TIM_Base_Init
                0x00000000080023b8       0x9e ./Drivers/STM32F1xx_HAL_Driver/Src/stm32f1xx_hal_tim.o
                0x00000000080023b8                HAL_TIM_Base_Init
 *fill*         0x0000000008002456        0x2 
 .text.HAL_TIM_Base_Start_IT
                0x0000000008002458       0x98 ./Drivers/STM32F1xx_HAL_Driver/Src/stm32f1xx_hal_tim.o
                0x0000000008002458                HAL_TIM_Base_Start_IT
 .text.HAL_TIM_IRQHandler
                0x00000000080024f0      0x210 ./Drivers/STM32F1xx_HAL_Driver/Src/stm32f1xx_hal_tim.o
                0x00000000080024f0                HAL_TIM_IRQHandler
 .text.HAL_TIM_ConfigClockSource
                0x0000000008002700      0x188 ./Drivers/STM32F1xx_HAL_Driver/Src/stm32f1xx_hal_tim.o
                0x0000000008002700                HAL_TIM_ConfigClockSource
 .text.HAL_TIM_OC_DelayElapsedCallback
                0x0000000008002888       0x12 ./Drivers/STM32F1xx_HAL_Driver/Src/stm32f1xx_hal_tim.o
                0x0000000008002888                HAL_TIM_OC_DelayElapsedCallback
 .text.HAL_TIM_IC_CaptureCallback
                0x000000000800289a       0x12 ./Drivers/STM32F1xx_HAL_Driver/Src/stm32f1xx_hal_tim.o
                0x000000000800289a                HAL_TIM_IC_CaptureCallback
 .text.HAL_TIM_PWM_PulseFinishedCallback
                0x00000000080028ac       0x12 ./Drivers/STM32F1xx_HAL_Driver/Src/stm32f1xx_hal_tim.o
                0x00000000080028ac                HAL_TIM_PWM_PulseFinishedCallback
 .text.HAL_TIM_TriggerCallback
                0x00000000080028be       0x12 ./Drivers/STM32F1xx_HAL_Driver/Src/stm32f1xx_hal_tim.o
                0x00000000080028be                HAL_TIM_TriggerCallback
 .text.TIM_Base_SetConfig
                0x00000000080028d0       0xb0 ./Drivers/STM32F1xx_HAL_Driver/Src/stm32f1xx_hal_tim.o
                0x00000000080028d0                TIM_Base_SetConfig
 .text.TIM_TI1_ConfigInputStage
                0x0000000008002980       0x5c ./Drivers/STM32F1xx_HAL_Driver/Src/stm32f1xx_hal_tim.o
 .text.TIM_TI2_ConfigInputStage
                0x00000000080029dc       0x5e ./Drivers/STM32F1xx_HAL_Driver/Src/stm32f1xx_hal_tim.o
 .text.TIM_ITRx_SetConfig
                0x0000000008002a3a       0x34 ./Drivers/STM32F1xx_HAL_Driver/Src/stm32f1xx_hal_tim.o
 .text.TIM_ETR_SetConfig
                0x0000000008002a6e       0x3e ./Drivers/STM32F1xx_HAL_Driver/Src/stm32f1xx_hal_tim.o
                0x0000000008002a6e                TIM_ETR_SetConfig
 .text.HAL_TIMEx_MasterConfigSynchronization
                0x0000000008002aac       0xb0 ./Drivers/STM32F1xx_HAL_Driver/Src/stm32f1xx_hal_tim_ex.o
                0x0000000008002aac                HAL_TIMEx_MasterConfigSynchronization
 .text.HAL_TIMEx_CommutCallback
                0x0000000008002b5c       0x12 ./Drivers/STM32F1xx_HAL_Driver/Src/stm32f1xx_hal_tim_ex.o
                0x0000000008002b5c                HAL_TIMEx_CommutCallback
 .text.HAL_TIMEx_BreakCallback
                0x0000000008002b6e       0x12 ./Drivers/STM32F1xx_HAL_Driver/Src/stm32f1xx_hal_tim_ex.o
                0x0000000008002b6e                HAL_TIMEx_BreakCallback
 .text.__errno  0x0000000008002b80        0xc c:/st/stm32cubeide_1.7.0/stm32cubeide/plugins/com.st.stm32cube.ide.mcu.externaltools.gnu-tools-for-stm32.9-2020-q2-update.win32_2.0.0.202105311346/tools/bin/../lib/gcc/arm-none-eabi/9.3.1/../../../../arm-none-eabi/lib/thumb/v7-m/nofp\libc_nano.a(lib_a-errno.o)
                0x0000000008002b80                __errno
 .text.exit     0x0000000008002b8c       0x28 c:/st/stm32cubeide_1.7.0/stm32cubeide/plugins/com.st.stm32cube.ide.mcu.externaltools.gnu-tools-for-stm32.9-2020-q2-update.win32_2.0.0.202105311346/tools/bin/../lib/gcc/arm-none-eabi/9.3.1/../../../../arm-none-eabi/lib/thumb/v7-m/nofp\libc_nano.a(lib_a-exit.o)
                0x0000000008002b8c                exit
 .text.__libc_init_array
                0x0000000008002bb4       0x48 c:/st/stm32cubeide_1.7.0/stm32cubeide/plugins/com.st.stm32cube.ide.mcu.externaltools.gnu-tools-for-stm32.9-2020-q2-update.win32_2.0.0.202105311346/tools/bin/../lib/gcc/arm-none-eabi/9.3.1/../../../../arm-none-eabi/lib/thumb/v7-m/nofp\libc_nano.a(lib_a-init.o)
                0x0000000008002bb4                __libc_init_array
 .text.malloc   0x0000000008002bfc       0x10 c:/st/stm32cubeide_1.7.0/stm32cubeide/plugins/com.st.stm32cube.ide.mcu.externaltools.gnu-tools-for-stm32.9-2020-q2-update.win32_2.0.0.202105311346/tools/bin/../lib/gcc/arm-none-eabi/9.3.1/../../../../arm-none-eabi/lib/thumb/v7-m/nofp\libc_nano.a(lib_a-malloc.o)
                0x0000000008002bfc                malloc
 .text.memset   0x0000000008002c0c       0x10 c:/st/stm32cubeide_1.7.0/stm32cubeide/plugins/com.st.stm32cube.ide.mcu.externaltools.gnu-tools-for-stm32.9-2020-q2-update.win32_2.0.0.202105311346/tools/bin/../lib/gcc/arm-none-eabi/9.3.1/../../../../arm-none-eabi/lib/thumb/v7-m/nofp\libc_nano.a(lib_a-memset.o)
                0x0000000008002c0c                memset
 .text._malloc_r
                0x0000000008002c1c       0xb4 c:/st/stm32cubeide_1.7.0/stm32cubeide/plugins/com.st.stm32cube.ide.mcu.externaltools.gnu-tools-for-stm32.9-2020-q2-update.win32_2.0.0.202105311346/tools/bin/../lib/gcc/arm-none-eabi/9.3.1/../../../../arm-none-eabi/lib/thumb/v7-m/nofp\libc_nano.a(lib_a-nano-mallocr.o)
                0x0000000008002c1c                _malloc_r
 .text._sbrk_r  0x0000000008002cd0       0x20 c:/st/stm32cubeide_1.7.0/stm32cubeide/plugins/com.st.stm32cube.ide.mcu.externaltools.gnu-tools-for-stm32.9-2020-q2-update.win32_2.0.0.202105311346/tools/bin/../lib/gcc/arm-none-eabi/9.3.1/../../../../arm-none-eabi/lib/thumb/v7-m/nofp\libc_nano.a(lib_a-sbrkr.o)
                0x0000000008002cd0                _sbrk_r
 .text.__malloc_lock
                0x0000000008002cf0        0xc c:/st/stm32cubeide_1.7.0/stm32cubeide/plugins/com.st.stm32cube.ide.mcu.externaltools.gnu-tools-for-stm32.9-2020-q2-update.win32_2.0.0.202105311346/tools/bin/../lib/gcc/arm-none-eabi/9.3.1/../../../../arm-none-eabi/lib/thumb/v7-m/nofp\libc_nano.a(lib_a-mlock.o)
                0x0000000008002cf0                __malloc_lock
 .text.__malloc_unlock
                0x0000000008002cfc        0xc c:/st/stm32cubeide_1.7.0/stm32cubeide/plugins/com.st.stm32cube.ide.mcu.externaltools.gnu-tools-for-stm32.9-2020-q2-update.win32_2.0.0.202105311346/tools/bin/../lib/gcc/arm-none-eabi/9.3.1/../../../../arm-none-eabi/lib/thumb/v7-m/nofp\libc_nano.a(lib_a-mlock.o)
                0x0000000008002cfc                __malloc_unlock
 .text.__retarget_lock_acquire_recursive
                0x0000000008002d08        0x2 c:/st/stm32cubeide_1.7.0/stm32cubeide/plugins/com.st.stm32cube.ide.mcu.externaltools.gnu-tools-for-stm32.9-2020-q2-update.win32_2.0.0.202105311346/tools/bin/../lib/gcc/arm-none-eabi/9.3.1/../../../../arm-none-eabi/lib/thumb/v7-m/nofp\libc_nano.a(lib_a-lock.o)
                0x0000000008002d08                __retarget_lock_acquire_recursive
 .text.__retarget_lock_release_recursive
                0x0000000008002d0a        0x2 c:/st/stm32cubeide_1.7.0/stm32cubeide/plugins/com.st.stm32cube.ide.mcu.externaltools.gnu-tools-for-stm32.9-2020-q2-update.win32_2.0.0.202105311346/tools/bin/../lib/gcc/arm-none-eabi/9.3.1/../../../../arm-none-eabi/lib/thumb/v7-m/nofp\libc_nano.a(lib_a-lock.o)
                0x0000000008002d0a                __retarget_lock_release_recursive
 *(.glue_7)
 .glue_7        0x0000000008002d0c        0x0 linker stubs
 *(.glue_7t)
 .glue_7t       0x0000000008002d0c        0x0 linker stubs
 *(.eh_frame)
 .eh_frame      0x0000000008002d0c        0x0 c:/st/stm32cubeide_1.7.0/stm32cubeide/plugins/com.st.stm32cube.ide.mcu.externaltools.gnu-tools-for-stm32.9-2020-q2-update.win32_2.0.0.202105311346/tools/bin/../lib/gcc/arm-none-eabi/9.3.1/thumb/v7-m/nofp/crtbegin.o
 *(.init)
 .init          0x0000000008002d0c        0x4 c:/st/stm32cubeide_1.7.0/stm32cubeide/plugins/com.st.stm32cube.ide.mcu.externaltools.gnu-tools-for-stm32.9-2020-q2-update.win32_2.0.0.202105311346/tools/bin/../lib/gcc/arm-none-eabi/9.3.1/thumb/v7-m/nofp/crti.o
                0x0000000008002d0c                _init
 .init          0x0000000008002d10        0x8 c:/st/stm32cubeide_1.7.0/stm32cubeide/plugins/com.st.stm32cube.ide.mcu.externaltools.gnu-tools-for-stm32.9-2020-q2-update.win32_2.0.0.202105311346/tools/bin/../lib/gcc/arm-none-eabi/9.3.1/thumb/v7-m/nofp/crtn.o
 *(.fini)
 .fini          0x0000000008002d18        0x4 c:/st/stm32cubeide_1.7.0/stm32cubeide/plugins/com.st.stm32cube.ide.mcu.externaltools.gnu-tools-for-stm32.9-2020-q2-update.win32_2.0.0.202105311346/tools/bin/../lib/gcc/arm-none-eabi/9.3.1/thumb/v7-m/nofp/crti.o
                0x0000000008002d18                _fini
 .fini          0x0000000008002d1c        0x8 c:/st/stm32cubeide_1.7.0/stm32cubeide/plugins/com.st.stm32cube.ide.mcu.externaltools.gnu-tools-for-stm32.9-2020-q2-update.win32_2.0.0.202105311346/tools/bin/../lib/gcc/arm-none-eabi/9.3.1/thumb/v7-m/nofp/crtn.o
                0x0000000008002d24                . = ALIGN (0x4)
                0x0000000008002d24                _etext = .

.vfp11_veneer   0x0000000008002d24        0x0
 .vfp11_veneer  0x0000000008002d24        0x0 linker stubs

.v4_bx          0x0000000008002d24        0x0
 .v4_bx         0x0000000008002d24        0x0 linker stubs

.iplt           0x0000000008002d24        0x0
 .iplt          0x0000000008002d24        0x0 c:/st/stm32cubeide_1.7.0/stm32cubeide/plugins/com.st.stm32cube.ide.mcu.externaltools.gnu-tools-for-stm32.9-2020-q2-update.win32_2.0.0.202105311346/tools/bin/../lib/gcc/arm-none-eabi/9.3.1/thumb/v7-m/nofp/crtbegin.o

.rodata         0x0000000008002d24       0x4c
                0x0000000008002d24                . = ALIGN (0x4)
 *(.rodata)
 .rodata        0x0000000008002d24       0x10 ./Drivers/STM32F1xx_HAL_Driver/Src/stm32f1xx_hal_rcc.o
 *(.rodata*)
 .rodata.seg7_port
                0x0000000008002d34        0xe ./Core/Src/input_processing.o
                0x0000000008002d34                seg7_port
 *fill*         0x0000000008002d42        0x2 
 .rodata.seg7_en
                0x0000000008002d44        0x8 ./Core/Src/input_processing.o
                0x0000000008002d44                seg7_en
 .rodata.button_port
                0x0000000008002d4c        0x4 ./Core/Src/input_processing.o
                0x0000000008002d4c                button_port
 .rodata.traffic_port
                0x0000000008002d50        0xc ./Core/Src/input_processing.o
                0x0000000008002d50                traffic_port
 .rodata.AHBPrescTable
                0x0000000008002d5c       0x10 ./Core/Src/system_stm32f1xx.o
                0x0000000008002d5c                AHBPrescTable
 .rodata._global_impure_ptr
                0x0000000008002d6c        0x4 c:/st/stm32cubeide_1.7.0/stm32cubeide/plugins/com.st.stm32cube.ide.mcu.externaltools.gnu-tools-for-stm32.9-2020-q2-update.win32_2.0.0.202105311346/tools/bin/../lib/gcc/arm-none-eabi/9.3.1/../../../../arm-none-eabi/lib/thumb/v7-m/nofp\libc_nano.a(lib_a-impure.o)
                0x0000000008002d6c                _global_impure_ptr
                0x0000000008002d70                . = ALIGN (0x4)

.rel.dyn        0x0000000008002d70        0x0
 .rel.iplt      0x0000000008002d70        0x0 c:/st/stm32cubeide_1.7.0/stm32cubeide/plugins/com.st.stm32cube.ide.mcu.externaltools.gnu-tools-for-stm32.9-2020-q2-update.win32_2.0.0.202105311346/tools/bin/../lib/gcc/arm-none-eabi/9.3.1/thumb/v7-m/nofp/crtbegin.o

.ARM.extab      0x0000000008002d70        0x0
                0x0000000008002d70                . = ALIGN (0x4)
 *(.ARM.extab* .gnu.linkonce.armextab.*)
                0x0000000008002d70                . = ALIGN (0x4)

.ARM            0x0000000008002d70        0x0
                0x0000000008002d70                . = ALIGN (0x4)
                0x0000000008002d70                __exidx_start = .
 *(.ARM.exidx*)
                0x0000000008002d70                __exidx_end = .
                0x0000000008002d70                . = ALIGN (0x4)

.preinit_array  0x0000000008002d70        0x0
                0x0000000008002d70                . = ALIGN (0x4)
                0x0000000008002d70                PROVIDE (__preinit_array_start = .)
 *(.preinit_array*)
                0x0000000008002d70                PROVIDE (__preinit_array_end = .)
                0x0000000008002d70                . = ALIGN (0x4)

.init_array     0x0000000008002d70        0x4
                0x0000000008002d70                . = ALIGN (0x4)
                0x0000000008002d70                PROVIDE (__init_array_start = .)
 *(SORT_BY_NAME(.init_array.*))
 *(.init_array*)
 .init_array    0x0000000008002d70        0x4 c:/st/stm32cubeide_1.7.0/stm32cubeide/plugins/com.st.stm32cube.ide.mcu.externaltools.gnu-tools-for-stm32.9-2020-q2-update.win32_2.0.0.202105311346/tools/bin/../lib/gcc/arm-none-eabi/9.3.1/thumb/v7-m/nofp/crtbegin.o
                0x0000000008002d74                PROVIDE (__init_array_end = .)
                0x0000000008002d74                . = ALIGN (0x4)

.fini_array     0x0000000008002d74        0x4
                0x0000000008002d74                . = ALIGN (0x4)
                [!provide]                        PROVIDE (__fini_array_start = .)
 *(SORT_BY_NAME(.fini_array.*))
 *(.fini_array*)
 .fini_array    0x0000000008002d74        0x4 c:/st/stm32cubeide_1.7.0/stm32cubeide/plugins/com.st.stm32cube.ide.mcu.externaltools.gnu-tools-for-stm32.9-2020-q2-update.win32_2.0.0.202105311346/tools/bin/../lib/gcc/arm-none-eabi/9.3.1/thumb/v7-m/nofp/crtbegin.o
                [!provide]                        PROVIDE (__fini_array_end = .)
                0x0000000008002d78                . = ALIGN (0x4)
                0x0000000008002d78                _sidata = LOADADDR (.data)

.data           0x0000000020000000       0x88 load address 0x0000000008002d78
                0x0000000020000000                . = ALIGN (0x4)
                0x0000000020000000                _sdata = .
 *(.data)
 *(.data*)
 .data.seg7Hex  0x0000000020000000        0xb ./Core/Src/7seg.o
 *fill*         0x000000002000000b        0x1 
 .data.buffer_led7
                0x000000002000000c        0x4 ./Core/Src/input_processing.o
                0x000000002000000c                buffer_led7
 .data.traffic_time
                0x0000000020000010        0x6 ./Core/Src/input_processing.o
                0x0000000020000010                traffic_time
 *fill*         0x0000000020000016        0x2 
 .data.SystemCoreClock
                0x0000000020000018        0x4 ./Core/Src/system_stm32f1xx.o
                0x0000000020000018                SystemCoreClock
 .data.uwTickPrio
                0x000000002000001c        0x4 ./Drivers/STM32F1xx_HAL_Driver/Src/stm32f1xx_hal.o
                0x000000002000001c                uwTickPrio
 .data.uwTickFreq
                0x0000000020000020        0x1 ./Drivers/STM32F1xx_HAL_Driver/Src/stm32f1xx_hal.o
                0x0000000020000020                uwTickFreq
 *fill*         0x0000000020000021        0x3 
 .data._impure_ptr
                0x0000000020000024        0x4 c:/st/stm32cubeide_1.7.0/stm32cubeide/plugins/com.st.stm32cube.ide.mcu.externaltools.gnu-tools-for-stm32.9-2020-q2-update.win32_2.0.0.202105311346/tools/bin/../lib/gcc/arm-none-eabi/9.3.1/../../../../arm-none-eabi/lib/thumb/v7-m/nofp\libc_nano.a(lib_a-impure.o)
                0x0000000020000024                _impure_ptr
 .data.impure_data
                0x0000000020000028       0x60 c:/st/stm32cubeide_1.7.0/stm32cubeide/plugins/com.st.stm32cube.ide.mcu.externaltools.gnu-tools-for-stm32.9-2020-q2-update.win32_2.0.0.202105311346/tools/bin/../lib/gcc/arm-none-eabi/9.3.1/../../../../arm-none-eabi/lib/thumb/v7-m/nofp\libc_nano.a(lib_a-impure.o)
 *(.RamFunc)
 *(.RamFunc*)
                0x0000000020000088                . = ALIGN (0x4)
                0x0000000020000088                _edata = .

.igot.plt       0x0000000020000088        0x0 load address 0x0000000008002e00
 .igot.plt      0x0000000020000088        0x0 c:/st/stm32cubeide_1.7.0/stm32cubeide/plugins/com.st.stm32cube.ide.mcu.externaltools.gnu-tools-for-stm32.9-2020-q2-update.win32_2.0.0.202105311346/tools/bin/../lib/gcc/arm-none-eabi/9.3.1/thumb/v7-m/nofp/crtbegin.o
                0x0000000020000088                . = ALIGN (0x4)

.bss            0x0000000020000088       0xf0 load address 0x0000000008002e00
                0x0000000020000088                _sbss = .
                0x0000000020000088                __bss_start__ = _sbss
 *(.bss)
 .bss           0x0000000020000088       0x1c c:/st/stm32cubeide_1.7.0/stm32cubeide/plugins/com.st.stm32cube.ide.mcu.externaltools.gnu-tools-for-stm32.9-2020-q2-update.win32_2.0.0.202105311346/tools/bin/../lib/gcc/arm-none-eabi/9.3.1/thumb/v7-m/nofp/crtbegin.o
 *(.bss*)
 .bss.NO_OF_LED7
                0x00000000200000a4        0x4 ./Core/Src/7seg.o
 .bss.seg7Port  0x00000000200000a8        0x4 ./Core/Src/7seg.o
 .bss.seg7En    0x00000000200000ac        0x4 ./Core/Src/7seg.o
 .bss.seg7Val   0x00000000200000b0        0x4 ./Core/Src/7seg.o
 .bss.allseg    0x00000000200000b4        0x2 ./Core/Src/7seg.o
 .bss.trafficMode
                0x00000000200000b6        0x1 ./Core/Src/input_processing.o
                0x00000000200000b6                trafficMode
 *fill*         0x00000000200000b7        0x1 
 .bss.traffic_time_update
                0x00000000200000b8        0x6 ./Core/Src/input_processing.o
                0x00000000200000b8                traffic_time_update
 .bss.updateFlag.6737
                0x00000000200000be        0x1 ./Core/Src/input_processing.o
 .bss.index.6760
                0x00000000200000bf        0x1 ./Core/Src/input_processing.o
 .bss.buttonBuffer
                0x00000000200000c0        0x4 ./Core/Src/input_reading.o
 .bss.debounceButtonBuffer1
                0x00000000200000c4        0x4 ./Core/Src/input_reading.o
 .bss.debounceButtonBuffer2
                0x00000000200000c8        0x4 ./Core/Src/input_reading.o
 .bss.__sbrk_heap_end
                0x00000000200000cc        0x4 ./Core/Src/sysmem.o
 .bss.TIMER_CYCLE
                0x00000000200000d0        0x4 ./Core/Src/timer.o
 .bss.NO_OF_MIL_TIMERS
                0x00000000200000d4        0x4 ./Core/Src/timer.o
 .bss.NO_OF_SEC_TIMERS
                0x00000000200000d8        0x4 ./Core/Src/timer.o
 .bss.timer_mil_counter
                0x00000000200000dc        0x4 ./Core/Src/timer.o
 .bss.timer_sec_counter
                0x00000000200000e0        0x4 ./Core/Src/timer.o
 .bss.timer_mil_flag
                0x00000000200000e4        0x4 ./Core/Src/timer.o
 .bss.timer_sec_flag
                0x00000000200000e8        0x4 ./Core/Src/timer.o
 .bss.timer_mil_stop
                0x00000000200000ec        0x4 ./Core/Src/timer.o
 .bss.timer_sec_stop
                0x00000000200000f0        0x4 ./Core/Src/timer.o
 .bss.ver_state
                0x00000000200000f4        0x1 ./Core/Src/traffic.o
 .bss.hor_state
                0x00000000200000f5        0x1 ./Core/Src/traffic.o
 *fill*         0x00000000200000f6        0x2 
 .bss.lightPort
                0x00000000200000f8        0x4 ./Core/Src/traffic.o
 .bss.lightTime
                0x00000000200000fc        0x4 ./Core/Src/traffic.o
 .bss.lightTimeUpdate
                0x0000000020000100        0x4 ./Core/Src/traffic.o
 .bss.allpin    0x0000000020000104        0x2 ./Core/Src/traffic.o
 .bss.isUpdate  0x0000000020000106        0x1 ./Core/Src/traffic.o
 *fill*         0x0000000020000107        0x1 
 .bss.__malloc_free_list
                0x0000000020000108        0x4 c:/st/stm32cubeide_1.7.0/stm32cubeide/plugins/com.st.stm32cube.ide.mcu.externaltools.gnu-tools-for-stm32.9-2020-q2-update.win32_2.0.0.202105311346/tools/bin/../lib/gcc/arm-none-eabi/9.3.1/../../../../arm-none-eabi/lib/thumb/v7-m/nofp\libc_nano.a(lib_a-nano-mallocr.o)
                0x0000000020000108                __malloc_free_list
 .bss.__malloc_sbrk_start
                0x000000002000010c        0x4 c:/st/stm32cubeide_1.7.0/stm32cubeide/plugins/com.st.stm32cube.ide.mcu.externaltools.gnu-tools-for-stm32.9-2020-q2-update.win32_2.0.0.202105311346/tools/bin/../lib/gcc/arm-none-eabi/9.3.1/../../../../arm-none-eabi/lib/thumb/v7-m/nofp\libc_nano.a(lib_a-nano-mallocr.o)
                0x000000002000010c                __malloc_sbrk_start
 *(COMMON)
 COMMON         0x0000000020000110        0x4 ./Core/Src/input_processing.o
                0x0000000020000110                buttonState
 COMMON         0x0000000020000114        0x8 ./Core/Src/input_reading.o
                0x0000000020000114                NO_OF_BUTTONS
                0x0000000020000118                buttonPort
 COMMON         0x000000002000011c       0x48 ./Core/Src/main.o
                0x000000002000011c                htim2
 COMMON         0x0000000020000164        0x4 ./Drivers/STM32F1xx_HAL_Driver/Src/stm32f1xx_hal.o
                0x0000000020000164                uwTick
 COMMON         0x0000000020000168        0x4 c:/st/stm32cubeide_1.7.0/stm32cubeide/plugins/com.st.stm32cube.ide.mcu.externaltools.gnu-tools-for-stm32.9-2020-q2-update.win32_2.0.0.202105311346/tools/bin/../lib/gcc/arm-none-eabi/9.3.1/../../../../arm-none-eabi/lib/thumb/v7-m/nofp\libc_nano.a(lib_a-reent.o)
                0x0000000020000168                errno
 COMMON         0x000000002000016c        0x9 c:/st/stm32cubeide_1.7.0/stm32cubeide/plugins/com.st.stm32cube.ide.mcu.externaltools.gnu-tools-for-stm32.9-2020-q2-update.win32_2.0.0.202105311346/tools/bin/../lib/gcc/arm-none-eabi/9.3.1/../../../../arm-none-eabi/lib/thumb/v7-m/nofp\libc_nano.a(lib_a-lock.o)
                0x000000002000016c                __lock___atexit_recursive_mutex
                0x000000002000016d                __lock___arc4random_mutex
                0x000000002000016e                __lock___env_recursive_mutex
                0x000000002000016f                __lock___sinit_recursive_mutex
                0x0000000020000170                __lock___malloc_recursive_mutex
                0x0000000020000171                __lock___at_quick_exit_mutex
                0x0000000020000172                __lock___dd_hash_mutex
                0x0000000020000173                __lock___tz_mutex
                0x0000000020000174                __lock___sfp_recursive_mutex
                0x0000000020000178                . = ALIGN (0x4)
 *fill*         0x0000000020000175        0x3 
                0x0000000020000178                _ebss = .
                0x0000000020000178                __bss_end__ = _ebss

._user_heap_stack
                0x0000000020000178      0x600 load address 0x0000000008002e00
                0x0000000020000178                . = ALIGN (0x8)
                [!provide]                        PROVIDE (end = .)
                0x0000000020000178                PROVIDE (_end = .)
                0x0000000020000378                . = (. + _Min_Heap_Size)
 *fill*         0x0000000020000178      0x200 
                0x0000000020000778                . = (. + _Min_Stack_Size)
 *fill*         0x0000000020000378      0x400 
                0x0000000020000778                . = ALIGN (0x8)

/DISCARD/
 libc.a(*)
 libm.a(*)
 libgcc.a(*)

.ARM.attributes
                0x0000000000000000       0x29
 *(.ARM.attributes)
 .ARM.attributes
                0x0000000000000000       0x1d c:/st/stm32cubeide_1.7.0/stm32cubeide/plugins/com.st.stm32cube.ide.mcu.externaltools.gnu-tools-for-stm32.9-2020-q2-update.win32_2.0.0.202105311346/tools/bin/../lib/gcc/arm-none-eabi/9.3.1/thumb/v7-m/nofp/crti.o
 .ARM.attributes
                0x000000000000001d       0x2d c:/st/stm32cubeide_1.7.0/stm32cubeide/plugins/com.st.stm32cube.ide.mcu.externaltools.gnu-tools-for-stm32.9-2020-q2-update.win32_2.0.0.202105311346/tools/bin/../lib/gcc/arm-none-eabi/9.3.1/thumb/v7-m/nofp/crtbegin.o
 .ARM.attributes
                0x000000000000004a       0x2d ./Core/Src/7seg.o
 .ARM.attributes
                0x0000000000000077       0x2d ./Core/Src/input_processing.o
 .ARM.attributes
                0x00000000000000a4       0x2d ./Core/Src/input_reading.o
 .ARM.attributes
                0x00000000000000d1       0x2d ./Core/Src/main.o
 .ARM.attributes
                0x00000000000000fe       0x2d ./Core/Src/stm32f1xx_hal_msp.o
 .ARM.attributes
                0x000000000000012b       0x2d ./Core/Src/stm32f1xx_it.o
 .ARM.attributes
                0x0000000000000158       0x2d ./Core/Src/syscalls.o
 .ARM.attributes
                0x0000000000000185       0x2d ./Core/Src/sysmem.o
 .ARM.attributes
                0x00000000000001b2       0x2d ./Core/Src/system_stm32f1xx.o
 .ARM.attributes
                0x00000000000001df       0x2d ./Core/Src/timer.o
 .ARM.attributes
                0x000000000000020c       0x2d ./Core/Src/traffic.o
 .ARM.attributes
                0x0000000000000239       0x21 ./Core/Startup/startup_stm32f103c6tx.o
 .ARM.attributes
                0x000000000000025a       0x2d ./Drivers/STM32F1xx_HAL_Driver/Src/stm32f1xx_hal.o
 .ARM.attributes
                0x0000000000000287       0x2d ./Drivers/STM32F1xx_HAL_Driver/Src/stm32f1xx_hal_cortex.o
 .ARM.attributes
                0x00000000000002b4       0x2d ./Drivers/STM32F1xx_HAL_Driver/Src/stm32f1xx_hal_gpio.o
 .ARM.attributes
                0x00000000000002e1       0x2d ./Drivers/STM32F1xx_HAL_Driver/Src/stm32f1xx_hal_rcc.o
 .ARM.attributes
                0x000000000000030e       0x2d ./Drivers/STM32F1xx_HAL_Driver/Src/stm32f1xx_hal_tim.o
 .ARM.attributes
                0x000000000000033b       0x2d ./Drivers/STM32F1xx_HAL_Driver/Src/stm32f1xx_hal_tim_ex.o
 .ARM.attributes
                0x0000000000000368       0x2d c:/st/stm32cubeide_1.7.0/stm32cubeide/plugins/com.st.stm32cube.ide.mcu.externaltools.gnu-tools-for-stm32.9-2020-q2-update.win32_2.0.0.202105311346/tools/bin/../lib/gcc/arm-none-eabi/9.3.1/../../../../arm-none-eabi/lib/thumb/v7-m/nofp\libc_nano.a(lib_a-errno.o)
 .ARM.attributes
                0x0000000000000395       0x2d c:/st/stm32cubeide_1.7.0/stm32cubeide/plugins/com.st.stm32cube.ide.mcu.externaltools.gnu-tools-for-stm32.9-2020-q2-update.win32_2.0.0.202105311346/tools/bin/../lib/gcc/arm-none-eabi/9.3.1/../../../../arm-none-eabi/lib/thumb/v7-m/nofp\libc_nano.a(lib_a-exit.o)
 .ARM.attributes
                0x00000000000003c2       0x2d c:/st/stm32cubeide_1.7.0/stm32cubeide/plugins/com.st.stm32cube.ide.mcu.externaltools.gnu-tools-for-stm32.9-2020-q2-update.win32_2.0.0.202105311346/tools/bin/../lib/gcc/arm-none-eabi/9.3.1/../../../../arm-none-eabi/lib/thumb/v7-m/nofp\libc_nano.a(lib_a-impure.o)
 .ARM.attributes
                0x00000000000003ef       0x2d c:/st/stm32cubeide_1.7.0/stm32cubeide/plugins/com.st.stm32cube.ide.mcu.externaltools.gnu-tools-for-stm32.9-2020-q2-update.win32_2.0.0.202105311346/tools/bin/../lib/gcc/arm-none-eabi/9.3.1/../../../../arm-none-eabi/lib/thumb/v7-m/nofp\libc_nano.a(lib_a-init.o)
 .ARM.attributes
                0x000000000000041c       0x2d c:/st/stm32cubeide_1.7.0/stm32cubeide/plugins/com.st.stm32cube.ide.mcu.externaltools.gnu-tools-for-stm32.9-2020-q2-update.win32_2.0.0.202105311346/tools/bin/../lib/gcc/arm-none-eabi/9.3.1/../../../../arm-none-eabi/lib/thumb/v7-m/nofp\libc_nano.a(lib_a-malloc.o)
 .ARM.attributes
                0x0000000000000449       0x2d c:/st/stm32cubeide_1.7.0/stm32cubeide/plugins/com.st.stm32cube.ide.mcu.externaltools.gnu-tools-for-stm32.9-2020-q2-update.win32_2.0.0.202105311346/tools/bin/../lib/gcc/arm-none-eabi/9.3.1/../../../../arm-none-eabi/lib/thumb/v7-m/nofp\libc_nano.a(lib_a-memset.o)
 .ARM.attributes
                0x0000000000000476       0x2d c:/st/stm32cubeide_1.7.0/stm32cubeide/plugins/com.st.stm32cube.ide.mcu.externaltools.gnu-tools-for-stm32.9-2020-q2-update.win32_2.0.0.202105311346/tools/bin/../lib/gcc/arm-none-eabi/9.3.1/../../../../arm-none-eabi/lib/thumb/v7-m/nofp\libc_nano.a(lib_a-nano-mallocr.o)
 .ARM.attributes
                0x00000000000004a3       0x2d c:/st/stm32cubeide_1.7.0/stm32cubeide/plugins/com.st.stm32cube.ide.mcu.externaltools.gnu-tools-for-stm32.9-2020-q2-update.win32_2.0.0.202105311346/tools/bin/../lib/gcc/arm-none-eabi/9.3.1/../../../../arm-none-eabi/lib/thumb/v7-m/nofp\libc_nano.a(lib_a-sbrkr.o)
 .ARM.attributes
                0x00000000000004d0       0x2d c:/st/stm32cubeide_1.7.0/stm32cubeide/plugins/com.st.stm32cube.ide.mcu.externaltools.gnu-tools-for-stm32.9-2020-q2-update.win32_2.0.0.202105311346/tools/bin/../lib/gcc/arm-none-eabi/9.3.1/../../../../arm-none-eabi/lib/thumb/v7-m/nofp\libc_nano.a(lib_a-mlock.o)
 .ARM.attributes
                0x00000000000004fd       0x2d c:/st/stm32cubeide_1.7.0/stm32cubeide/plugins/com.st.stm32cube.ide.mcu.externaltools.gnu-tools-for-stm32.9-2020-q2-update.win32_2.0.0.202105311346/tools/bin/../lib/gcc/arm-none-eabi/9.3.1/../../../../arm-none-eabi/lib/thumb/v7-m/nofp\libc_nano.a(lib_a-reent.o)
 .ARM.attributes
                0x000000000000052a       0x2d c:/st/stm32cubeide_1.7.0/stm32cubeide/plugins/com.st.stm32cube.ide.mcu.externaltools.gnu-tools-for-stm32.9-2020-q2-update.win32_2.0.0.202105311346/tools/bin/../lib/gcc/arm-none-eabi/9.3.1/../../../../arm-none-eabi/lib/thumb/v7-m/nofp\libc_nano.a(lib_a-lock.o)
 .ARM.attributes
                0x0000000000000557       0x1d c:/st/stm32cubeide_1.7.0/stm32cubeide/plugins/com.st.stm32cube.ide.mcu.externaltools.gnu-tools-for-stm32.9-2020-q2-update.win32_2.0.0.202105311346/tools/bin/../lib/gcc/arm-none-eabi/9.3.1/thumb/v7-m/nofp/crtn.o
OUTPUT(chapter3.elf elf32-littlearm)
LOAD linker stubs
LOAD c:/st/stm32cubeide_1.7.0/stm32cubeide/plugins/com.st.stm32cube.ide.mcu.externaltools.gnu-tools-for-stm32.9-2020-q2-update.win32_2.0.0.202105311346/tools/bin/../lib/gcc/arm-none-eabi/9.3.1/../../../../arm-none-eabi/lib/thumb/v7-m/nofp\libc.a
LOAD c:/st/stm32cubeide_1.7.0/stm32cubeide/plugins/com.st.stm32cube.ide.mcu.externaltools.gnu-tools-for-stm32.9-2020-q2-update.win32_2.0.0.202105311346/tools/bin/../lib/gcc/arm-none-eabi/9.3.1/../../../../arm-none-eabi/lib/thumb/v7-m/nofp\libm.a
LOAD c:/st/stm32cubeide_1.7.0/stm32cubeide/plugins/com.st.stm32cube.ide.mcu.externaltools.gnu-tools-for-stm32.9-2020-q2-update.win32_2.0.0.202105311346/tools/bin/../lib/gcc/arm-none-eabi/9.3.1/thumb/v7-m/nofp\libgcc.a

.debug_info     0x0000000000000000     0xf056
 .debug_info    0x0000000000000000      0xc1d ./Core/Src/7seg.o
 .debug_info    0x0000000000000c1d     0x143b ./Core/Src/input_processing.o
 .debug_info    0x0000000000002058      0xbf2 ./Core/Src/input_reading.o
 .debug_info    0x0000000000002c4a     0x1410 ./Core/Src/main.o
 .debug_info    0x000000000000405a      0xa04 ./Core/Src/stm32f1xx_hal_msp.o
 .debug_info    0x0000000000004a5e      0x7b4 ./Core/Src/stm32f1xx_it.o
 .debug_info    0x0000000000005212      0xfa8 ./Core/Src/syscalls.o
 .debug_info    0x00000000000061ba      0xa25 ./Core/Src/sysmem.o
 .debug_info    0x0000000000006bdf      0x2be ./Core/Src/system_stm32f1xx.o
 .debug_info    0x0000000000006e9d     0x1315 ./Core/Src/timer.o
 .debug_info    0x00000000000081b2      0xccf ./Core/Src/traffic.o
 .debug_info    0x0000000000008e81       0x22 ./Core/Startup/startup_stm32f103c6tx.o
 .debug_info    0x0000000000008ea3      0x74c ./Drivers/STM32F1xx_HAL_Driver/Src/stm32f1xx_hal.o
 .debug_info    0x00000000000095ef      0xbbe ./Drivers/STM32F1xx_HAL_Driver/Src/stm32f1xx_hal_cortex.o
 .debug_info    0x000000000000a1ad      0x701 ./Drivers/STM32F1xx_HAL_Driver/Src/stm32f1xx_hal_gpio.o
 .debug_info    0x000000000000a8ae      0x88e ./Drivers/STM32F1xx_HAL_Driver/Src/stm32f1xx_hal_rcc.o
 .debug_info    0x000000000000b13c     0x2a45 ./Drivers/STM32F1xx_HAL_Driver/Src/stm32f1xx_hal_tim.o
 .debug_info    0x000000000000db81     0x14d5 ./Drivers/STM32F1xx_HAL_Driver/Src/stm32f1xx_hal_tim_ex.o

.debug_abbrev   0x0000000000000000     0x259b
 .debug_abbrev  0x0000000000000000      0x23a ./Core/Src/7seg.o
 .debug_abbrev  0x000000000000023a      0x294 ./Core/Src/input_processing.o
 .debug_abbrev  0x00000000000004ce      0x24f ./Core/Src/input_reading.o
 .debug_abbrev  0x000000000000071d      0x287 ./Core/Src/main.o
 .debug_abbrev  0x00000000000009a4      0x1b7 ./Core/Src/stm32f1xx_hal_msp.o
 .debug_abbrev  0x0000000000000b5b      0x176 ./Core/Src/stm32f1xx_it.o
 .debug_abbrev  0x0000000000000cd1      0x286 ./Core/Src/syscalls.o
 .debug_abbrev  0x0000000000000f57      0x1bf ./Core/Src/sysmem.o
 .debug_abbrev  0x0000000000001116      0x14e ./Core/Src/system_stm32f1xx.o
 .debug_abbrev  0x0000000000001264      0x287 ./Core/Src/timer.o
 .debug_abbrev  0x00000000000014eb      0x27f ./Core/Src/traffic.o
 .debug_abbrev  0x000000000000176a       0x12 ./Core/Startup/startup_stm32f103c6tx.o
 .debug_abbrev  0x000000000000177c      0x1ed ./Drivers/STM32F1xx_HAL_Driver/Src/stm32f1xx_hal.o
 .debug_abbrev  0x0000000000001969      0x313 ./Drivers/STM32F1xx_HAL_Driver/Src/stm32f1xx_hal_cortex.o
 .debug_abbrev  0x0000000000001c7c      0x1e8 ./Drivers/STM32F1xx_HAL_Driver/Src/stm32f1xx_hal_gpio.o
 .debug_abbrev  0x0000000000001e64      0x273 ./Drivers/STM32F1xx_HAL_Driver/Src/stm32f1xx_hal_rcc.o
 .debug_abbrev  0x00000000000020d7      0x25e ./Drivers/STM32F1xx_HAL_Driver/Src/stm32f1xx_hal_tim.o
 .debug_abbrev  0x0000000000002335      0x266 ./Drivers/STM32F1xx_HAL_Driver/Src/stm32f1xx_hal_tim_ex.o

.debug_aranges  0x0000000000000000      0xb68
 .debug_aranges
                0x0000000000000000       0x28 ./Core/Src/7seg.o
 .debug_aranges
                0x0000000000000028       0x60 ./Core/Src/input_processing.o
 .debug_aranges
                0x0000000000000088       0x30 ./Core/Src/input_reading.o
 .debug_aranges
                0x00000000000000b8       0x40 ./Core/Src/main.o
 .debug_aranges
                0x00000000000000f8       0x30 ./Core/Src/stm32f1xx_hal_msp.o
 .debug_aranges
                0x0000000000000128       0x68 ./Core/Src/stm32f1xx_it.o
 .debug_aranges
                0x0000000000000190       0xa8 ./Core/Src/syscalls.o
 .debug_aranges
                0x0000000000000238       0x20 ./Core/Src/sysmem.o
 .debug_aranges
                0x0000000000000258       0x28 ./Core/Src/system_stm32f1xx.o
 .debug_aranges
                0x0000000000000280       0x78 ./Core/Src/timer.o
 .debug_aranges
                0x00000000000002f8       0x48 ./Core/Src/traffic.o
 .debug_aranges
                0x0000000000000340       0x28 ./Core/Startup/startup_stm32f103c6tx.o
 .debug_aranges
                0x0000000000000368       0xe0 ./Drivers/STM32F1xx_HAL_Driver/Src/stm32f1xx_hal.o
 .debug_aranges
                0x0000000000000448      0x100 ./Drivers/STM32F1xx_HAL_Driver/Src/stm32f1xx_hal_cortex.o
 .debug_aranges
                0x0000000000000548       0x58 ./Drivers/STM32F1xx_HAL_Driver/Src/stm32f1xx_hal_gpio.o
 .debug_aranges
                0x00000000000005a0       0x90 ./Drivers/STM32F1xx_HAL_Driver/Src/stm32f1xx_hal_rcc.o
 .debug_aranges
                0x0000000000000630      0x3d0 ./Drivers/STM32F1xx_HAL_Driver/Src/stm32f1xx_hal_tim.o
 .debug_aranges
                0x0000000000000a00      0x168 ./Drivers/STM32F1xx_HAL_Driver/Src/stm32f1xx_hal_tim_ex.o

.debug_ranges   0x0000000000000000      0xa50
 .debug_ranges  0x0000000000000000       0x18 ./Core/Src/7seg.o
 .debug_ranges  0x0000000000000018       0x50 ./Core/Src/input_processing.o
 .debug_ranges  0x0000000000000068       0x20 ./Core/Src/input_reading.o
 .debug_ranges  0x0000000000000088       0x30 ./Core/Src/main.o
 .debug_ranges  0x00000000000000b8       0x20 ./Core/Src/stm32f1xx_hal_msp.o
 .debug_ranges  0x00000000000000d8       0x58 ./Core/Src/stm32f1xx_it.o
 .debug_ranges  0x0000000000000130       0x98 ./Core/Src/syscalls.o
 .debug_ranges  0x00000000000001c8       0x10 ./Core/Src/sysmem.o
 .debug_ranges  0x00000000000001d8       0x18 ./Core/Src/system_stm32f1xx.o
 .debug_ranges  0x00000000000001f0       0x68 ./Core/Src/timer.o
 .debug_ranges  0x0000000000000258       0x38 ./Core/Src/traffic.o
 .debug_ranges  0x0000000000000290       0x20 ./Core/Startup/startup_stm32f103c6tx.o
 .debug_ranges  0x00000000000002b0       0xd0 ./Drivers/STM32F1xx_HAL_Driver/Src/stm32f1xx_hal.o
 .debug_ranges  0x0000000000000380       0xf0 ./Drivers/STM32F1xx_HAL_Driver/Src/stm32f1xx_hal_cortex.o
 .debug_ranges  0x0000000000000470       0x48 ./Drivers/STM32F1xx_HAL_Driver/Src/stm32f1xx_hal_gpio.o
 .debug_ranges  0x00000000000004b8       0x80 ./Drivers/STM32F1xx_HAL_Driver/Src/stm32f1xx_hal_rcc.o
 .debug_ranges  0x0000000000000538      0x3c0 ./Drivers/STM32F1xx_HAL_Driver/Src/stm32f1xx_hal_tim.o
 .debug_ranges  0x00000000000008f8      0x158 ./Drivers/STM32F1xx_HAL_Driver/Src/stm32f1xx_hal_tim_ex.o

.debug_macro    0x0000000000000000    0x18baa
 .debug_macro   0x0000000000000000      0x295 ./Core/Src/7seg.o
 .debug_macro   0x0000000000000295      0xa9c ./Core/Src/7seg.o
 .debug_macro   0x0000000000000d31      0x215 ./Core/Src/7seg.o
 .debug_macro   0x0000000000000f46       0x2e ./Core/Src/7seg.o
 .debug_macro   0x0000000000000f74       0x22 ./Core/Src/7seg.o
 .debug_macro   0x0000000000000f96       0x22 ./Core/Src/7seg.o
 .debug_macro   0x0000000000000fb8       0x8e ./Core/Src/7seg.o
 .debug_macro   0x0000000000001046       0x51 ./Core/Src/7seg.o
 .debug_macro   0x0000000000001097      0x103 ./Core/Src/7seg.o
 .debug_macro   0x000000000000119a       0x6a ./Core/Src/7seg.o
 .debug_macro   0x0000000000001204      0x1df ./Core/Src/7seg.o
 .debug_macro   0x00000000000013e3       0x1c ./Core/Src/7seg.o
 .debug_macro   0x00000000000013ff       0x22 ./Core/Src/7seg.o
 .debug_macro   0x0000000000001421       0xc3 ./Core/Src/7seg.o
 .debug_macro   0x00000000000014e4      0xd23 ./Core/Src/7seg.o
 .debug_macro   0x0000000000002207     0xde75 ./Core/Src/7seg.o
 .debug_macro   0x000000000001007c       0x6d ./Core/Src/7seg.o
 .debug_macro   0x00000000000100e9     0x3468 ./Core/Src/7seg.o
 .debug_macro   0x0000000000013551      0x174 ./Core/Src/7seg.o
 .debug_macro   0x00000000000136c5       0x5c ./Core/Src/7seg.o
 .debug_macro   0x0000000000013721      0x5be ./Core/Src/7seg.o
 .debug_macro   0x0000000000013cdf      0x1b7 ./Core/Src/7seg.o
 .debug_macro   0x0000000000013e96      0x1cb ./Core/Src/7seg.o
 .debug_macro   0x0000000000014061      0x114 ./Core/Src/7seg.o
 .debug_macro   0x0000000000014175      0x1b2 ./Core/Src/7seg.o
 .debug_macro   0x0000000000014327       0x27 ./Core/Src/7seg.o
 .debug_macro   0x000000000001434e      0x12f ./Core/Src/7seg.o
 .debug_macro   0x000000000001447d      0x1bc ./Core/Src/7seg.o
 .debug_macro   0x0000000000014639       0x34 ./Core/Src/7seg.o
 .debug_macro   0x000000000001466d       0x3c ./Core/Src/7seg.o
 .debug_macro   0x00000000000146a9       0x57 ./Core/Src/7seg.o
 .debug_macro   0x0000000000014700       0x88 ./Core/Src/7seg.o
 .debug_macro   0x0000000000014788      0x183 ./Core/Src/7seg.o
 .debug_macro   0x000000000001490b      0x141 ./Core/Src/7seg.o
 .debug_macro   0x0000000000014a4c      0x8d1 ./Core/Src/7seg.o
 .debug_macro   0x000000000001531d       0x69 ./Core/Src/7seg.o
 .debug_macro   0x0000000000015386       0xa6 ./Core/Src/7seg.o
 .debug_macro   0x000000000001542c       0x18 ./Core/Src/7seg.o
 .debug_macro   0x0000000000015444       0x52 ./Core/Src/7seg.o
 .debug_macro   0x0000000000015496       0x3c ./Core/Src/7seg.o
 .debug_macro   0x00000000000154d2       0x34 ./Core/Src/7seg.o
 .debug_macro   0x0000000000015506       0x16 ./Core/Src/7seg.o
 .debug_macro   0x000000000001551c       0x35 ./Core/Src/7seg.o
 .debug_macro   0x0000000000015551       0x16 ./Core/Src/7seg.o
 .debug_macro   0x0000000000015567       0x43 ./Core/Src/7seg.o
 .debug_macro   0x00000000000155aa       0x34 ./Core/Src/7seg.o
 .debug_macro   0x00000000000155de       0x10 ./Core/Src/7seg.o
 .debug_macro   0x00000000000155ee       0x58 ./Core/Src/7seg.o
 .debug_macro   0x0000000000015646       0x71 ./Core/Src/7seg.o
 .debug_macro   0x00000000000156b7       0x1c ./Core/Src/7seg.o
 .debug_macro   0x00000000000156d3      0x12a ./Core/Src/7seg.o
 .debug_macro   0x00000000000157fd      0x333 ./Core/Src/7seg.o
 .debug_macro   0x0000000000015b30       0x16 ./Core/Src/7seg.o
 .debug_macro   0x0000000000015b46       0x29 ./Core/Src/7seg.o
 .debug_macro   0x0000000000015b6f      0x2b7 ./Core/Src/input_processing.o
 .debug_macro   0x0000000000015e26      0x289 ./Core/Src/input_reading.o
 .debug_macro   0x00000000000160af      0x2af ./Core/Src/main.o
 .debug_macro   0x000000000001635e      0x1a7 ./Core/Src/stm32f1xx_hal_msp.o
 .debug_macro   0x0000000000016505      0x1b1 ./Core/Src/stm32f1xx_it.o
 .debug_macro   0x00000000000166b6      0x24c ./Core/Src/syscalls.o
 .debug_macro   0x0000000000016902       0x4c ./Core/Src/syscalls.o
 .debug_macro   0x000000000001694e       0x94 ./Core/Src/syscalls.o
 .debug_macro   0x00000000000169e2       0x57 ./Core/Src/syscalls.o
 .debug_macro   0x0000000000016a39      0x339 ./Core/Src/syscalls.o
 .debug_macro   0x0000000000016d72       0x10 ./Core/Src/syscalls.o
 .debug_macro   0x0000000000016d82       0x10 ./Core/Src/syscalls.o
 .debug_macro   0x0000000000016d92       0x10 ./Core/Src/syscalls.o
 .debug_macro   0x0000000000016da2       0x10 ./Core/Src/syscalls.o
 .debug_macro   0x0000000000016db2       0x1c ./Core/Src/syscalls.o
 .debug_macro   0x0000000000016dce       0x52 ./Core/Src/syscalls.o
 .debug_macro   0x0000000000016e20       0x22 ./Core/Src/syscalls.o
 .debug_macro   0x0000000000016e42       0x10 ./Core/Src/syscalls.o
 .debug_macro   0x0000000000016e52       0x40 ./Core/Src/syscalls.o
 .debug_macro   0x0000000000016e92       0xd5 ./Core/Src/syscalls.o
 .debug_macro   0x0000000000016f67       0x1c ./Core/Src/syscalls.o
 .debug_macro   0x0000000000016f83       0x3d ./Core/Src/syscalls.o
 .debug_macro   0x0000000000016fc0       0x35 ./Core/Src/syscalls.o
 .debug_macro   0x0000000000016ff5      0x12c ./Core/Src/syscalls.o
 .debug_macro   0x0000000000017121       0x10 ./Core/Src/syscalls.o
 .debug_macro   0x0000000000017131      0x241 ./Core/Src/syscalls.o
 .debug_macro   0x0000000000017372       0x1c ./Core/Src/syscalls.o
 .debug_macro   0x000000000001738e       0x10 ./Core/Src/syscalls.o
 .debug_macro   0x000000000001739e       0x10 ./Core/Src/syscalls.o
 .debug_macro   0x00000000000173ae       0x16 ./Core/Src/syscalls.o
 .debug_macro   0x00000000000173c4      0x145 ./Core/Src/syscalls.o
 .debug_macro   0x0000000000017509      0x189 ./Core/Src/syscalls.o
 .debug_macro   0x0000000000017692       0x16 ./Core/Src/syscalls.o
 .debug_macro   0x00000000000176a8       0xce ./Core/Src/syscalls.o
 .debug_macro   0x0000000000017776       0xff ./Core/Src/sysmem.o
 .debug_macro   0x0000000000017875      0x23b ./Core/Src/sysmem.o
 .debug_macro   0x0000000000017ab0      0x198 ./Core/Src/system_stm32f1xx.o
 .debug_macro   0x0000000000017c48      0x28d ./Core/Src/timer.o
 .debug_macro   0x0000000000017ed5      0x2a3 ./Core/Src/traffic.o
 .debug_macro   0x0000000000018178      0x1bc ./Drivers/STM32F1xx_HAL_Driver/Src/stm32f1xx_hal.o
 .debug_macro   0x0000000000018334      0x198 ./Drivers/STM32F1xx_HAL_Driver/Src/stm32f1xx_hal_cortex.o
 .debug_macro   0x00000000000184cc      0x203 ./Drivers/STM32F1xx_HAL_Driver/Src/stm32f1xx_hal_gpio.o
 .debug_macro   0x00000000000186cf      0x1aa ./Drivers/STM32F1xx_HAL_Driver/Src/stm32f1xx_hal_rcc.o
 .debug_macro   0x0000000000018879      0x199 ./Drivers/STM32F1xx_HAL_Driver/Src/stm32f1xx_hal_tim.o
 .debug_macro   0x0000000000018a12      0x198 ./Drivers/STM32F1xx_HAL_Driver/Src/stm32f1xx_hal_tim_ex.o

.debug_line     0x0000000000000000     0xd0b2
 .debug_line    0x0000000000000000      0x850 ./Core/Src/7seg.o
 .debug_line    0x0000000000000850      0xb32 ./Core/Src/input_processing.o
 .debug_line    0x0000000000001382      0x8a4 ./Core/Src/input_reading.o
 .debug_line    0x0000000000001c26      0x907 ./Core/Src/main.o
 .debug_line    0x000000000000252d      0x6a1 ./Core/Src/stm32f1xx_hal_msp.o
 .debug_line    0x0000000000002bce      0x73f ./Core/Src/stm32f1xx_it.o
 .debug_line    0x000000000000330d      0x802 ./Core/Src/syscalls.o
 .debug_line    0x0000000000003b0f      0x4f8 ./Core/Src/sysmem.o
 .debug_line    0x0000000000004007      0x6e3 ./Core/Src/system_stm32f1xx.o
 .debug_line    0x00000000000046ea      0xaaa ./Core/Src/timer.o
 .debug_line    0x0000000000005194      0x96c ./Core/Src/traffic.o
 .debug_line    0x0000000000005b00       0x87 ./Core/Startup/startup_stm32f103c6tx.o
 .debug_line    0x0000000000005b87      0x910 ./Drivers/STM32F1xx_HAL_Driver/Src/stm32f1xx_hal.o
 .debug_line    0x0000000000006497      0xaf8 ./Drivers/STM32F1xx_HAL_Driver/Src/stm32f1xx_hal_cortex.o
 .debug_line    0x0000000000006f8f      0x991 ./Drivers/STM32F1xx_HAL_Driver/Src/stm32f1xx_hal_gpio.o
 .debug_line    0x0000000000007920      0xd1e ./Drivers/STM32F1xx_HAL_Driver/Src/stm32f1xx_hal_rcc.o
 .debug_line    0x000000000000863e     0x326e ./Drivers/STM32F1xx_HAL_Driver/Src/stm32f1xx_hal_tim.o
 .debug_line    0x000000000000b8ac     0x1806 ./Drivers/STM32F1xx_HAL_Driver/Src/stm32f1xx_hal_tim_ex.o

.debug_str      0x0000000000000000    0x87bb9
 .debug_str     0x0000000000000000    0x8262a ./Core/Src/7seg.o
                                      0x82a30 (size before relaxing)
 .debug_str     0x000000000008262a      0x736 ./Core/Src/input_processing.o
                                      0x8312a (size before relaxing)
 .debug_str     0x0000000000082d60       0xe8 ./Core/Src/input_reading.o
                                      0x82a5c (size before relaxing)
 .debug_str     0x0000000000082e48      0x2ac ./Core/Src/main.o
                                      0x83120 (size before relaxing)
 .debug_str     0x00000000000830f4      0x2ba ./Core/Src/stm32f1xx_hal_msp.o
                                      0x7fea6 (size before relaxing)
 .debug_str     0x00000000000833ae       0xcd ./Core/Src/stm32f1xx_it.o
                                      0x7fc08 (size before relaxing)
 .debug_str     0x000000000008347b     0x25b1 ./Core/Src/syscalls.o
                                       0x8e6a (size before relaxing)
 .debug_str     0x0000000000085a2c       0x6b ./Core/Src/sysmem.o
                                       0x623d (size before relaxing)
 .debug_str     0x0000000000085a97       0x52 ./Core/Src/system_stm32f1xx.o
                                      0x7f4e6 (size before relaxing)
 .debug_str     0x0000000000085ae9      0x14a ./Core/Src/timer.o
                                      0x82f87 (size before relaxing)
 .debug_str     0x0000000000085c33      0x130 ./Core/Src/traffic.o
                                      0x82b26 (size before relaxing)
 .debug_str     0x0000000000085d63       0x36 ./Core/Startup/startup_stm32f103c6tx.o
                                         0x51 (size before relaxing)
 .debug_str     0x0000000000085d99      0x2ff ./Drivers/STM32F1xx_HAL_Driver/Src/stm32f1xx_hal.o
                                      0x7fb3d (size before relaxing)
 .debug_str     0x0000000000086098      0x300 ./Drivers/STM32F1xx_HAL_Driver/Src/stm32f1xx_hal_cortex.o
                                      0x7fb45 (size before relaxing)
 .debug_str     0x0000000000086398      0x316 ./Drivers/STM32F1xx_HAL_Driver/Src/stm32f1xx_hal_gpio.o
                                      0x7f8aa (size before relaxing)
 .debug_str     0x00000000000866ae      0x24f ./Drivers/STM32F1xx_HAL_Driver/Src/stm32f1xx_hal_rcc.o
                                      0x7f8e3 (size before relaxing)
 .debug_str     0x00000000000868fd      0xdce ./Drivers/STM32F1xx_HAL_Driver/Src/stm32f1xx_hal_tim.o
                                      0x808b5 (size before relaxing)
 .debug_str     0x00000000000876cb      0x4ee ./Drivers/STM32F1xx_HAL_Driver/Src/stm32f1xx_hal_tim_ex.o
                                      0x80066 (size before relaxing)

.comment        0x0000000000000000       0x53
 .comment       0x0000000000000000       0x53 ./Core/Src/7seg.o
                                         0x54 (size before relaxing)
 .comment       0x0000000000000053       0x54 ./Core/Src/input_processing.o
 .comment       0x0000000000000053       0x54 ./Core/Src/input_reading.o
 .comment       0x0000000000000053       0x54 ./Core/Src/main.o
 .comment       0x0000000000000053       0x54 ./Core/Src/stm32f1xx_hal_msp.o
 .comment       0x0000000000000053       0x54 ./Core/Src/stm32f1xx_it.o
 .comment       0x0000000000000053       0x54 ./Core/Src/syscalls.o
 .comment       0x0000000000000053       0x54 ./Core/Src/sysmem.o
 .comment       0x0000000000000053       0x54 ./Core/Src/system_stm32f1xx.o
 .comment       0x0000000000000053       0x54 ./Core/Src/timer.o
 .comment       0x0000000000000053       0x54 ./Core/Src/traffic.o
 .comment       0x0000000000000053       0x54 ./Drivers/STM32F1xx_HAL_Driver/Src/stm32f1xx_hal.o
 .comment       0x0000000000000053       0x54 ./Drivers/STM32F1xx_HAL_Driver/Src/stm32f1xx_hal_cortex.o
 .comment       0x0000000000000053       0x54 ./Drivers/STM32F1xx_HAL_Driver/Src/stm32f1xx_hal_gpio.o
 .comment       0x0000000000000053       0x54 ./Drivers/STM32F1xx_HAL_Driver/Src/stm32f1xx_hal_rcc.o
 .comment       0x0000000000000053       0x54 ./Drivers/STM32F1xx_HAL_Driver/Src/stm32f1xx_hal_tim.o
 .comment       0x0000000000000053       0x54 ./Drivers/STM32F1xx_HAL_Driver/Src/stm32f1xx_hal_tim_ex.o

.debug_frame    0x0000000000000000     0x2f60
 .debug_frame   0x0000000000000000       0x5c ./Core/Src/7seg.o
 .debug_frame   0x000000000000005c      0x14c ./Core/Src/input_processing.o
 .debug_frame   0x00000000000001a8       0x84 ./Core/Src/input_reading.o
 .debug_frame   0x000000000000022c       0xb0 ./Core/Src/main.o
 .debug_frame   0x00000000000002dc       0x80 ./Core/Src/stm32f1xx_hal_msp.o
 .debug_frame   0x000000000000035c      0x120 ./Core/Src/stm32f1xx_it.o
 .debug_frame   0x000000000000047c      0x2ac ./Core/Src/syscalls.o
 .debug_frame   0x0000000000000728       0x34 ./Core/Src/sysmem.o
 .debug_frame   0x000000000000075c       0x58 ./Core/Src/system_stm32f1xx.o
 .debug_frame   0x00000000000007b4      0x1c8 ./Core/Src/timer.o
 .debug_frame   0x000000000000097c       0xd4 ./Core/Src/traffic.o
 .debug_frame   0x0000000000000a50      0x334 ./Drivers/STM32F1xx_HAL_Driver/Src/stm32f1xx_hal.o
 .debug_frame   0x0000000000000d84      0x428 ./Drivers/STM32F1xx_HAL_Driver/Src/stm32f1xx_hal_cortex.o
 .debug_frame   0x00000000000011ac      0x14c ./Drivers/STM32F1xx_HAL_Driver/Src/stm32f1xx_hal_gpio.o
 .debug_frame   0x00000000000012f8      0x21c ./Drivers/STM32F1xx_HAL_Driver/Src/stm32f1xx_hal_rcc.o
 .debug_frame   0x0000000000001514     0x11b8 ./Drivers/STM32F1xx_HAL_Driver/Src/stm32f1xx_hal_tim.o
 .debug_frame   0x00000000000026cc      0x638 ./Drivers/STM32F1xx_HAL_Driver/Src/stm32f1xx_hal_tim_ex.o
 .debug_frame   0x0000000000002d04       0x20 c:/st/stm32cubeide_1.7.0/stm32cubeide/plugins/com.st.stm32cube.ide.mcu.externaltools.gnu-tools-for-stm32.9-2020-q2-update.win32_2.0.0.202105311346/tools/bin/../lib/gcc/arm-none-eabi/9.3.1/../../../../arm-none-eabi/lib/thumb/v7-m/nofp\libc_nano.a(lib_a-errno.o)
 .debug_frame   0x0000000000002d24       0x28 c:/st/stm32cubeide_1.7.0/stm32cubeide/plugins/com.st.stm32cube.ide.mcu.externaltools.gnu-tools-for-stm32.9-2020-q2-update.win32_2.0.0.202105311346/tools/bin/../lib/gcc/arm-none-eabi/9.3.1/../../../../arm-none-eabi/lib/thumb/v7-m/nofp\libc_nano.a(lib_a-exit.o)
 .debug_frame   0x0000000000002d4c       0x2c c:/st/stm32cubeide_1.7.0/stm32cubeide/plugins/com.st.stm32cube.ide.mcu.externaltools.gnu-tools-for-stm32.9-2020-q2-update.win32_2.0.0.202105311346/tools/bin/../lib/gcc/arm-none-eabi/9.3.1/../../../../arm-none-eabi/lib/thumb/v7-m/nofp\libc_nano.a(lib_a-init.o)
 .debug_frame   0x0000000000002d78       0x30 c:/st/stm32cubeide_1.7.0/stm32cubeide/plugins/com.st.stm32cube.ide.mcu.externaltools.gnu-tools-for-stm32.9-2020-q2-update.win32_2.0.0.202105311346/tools/bin/../lib/gcc/arm-none-eabi/9.3.1/../../../../arm-none-eabi/lib/thumb/v7-m/nofp\libc_nano.a(lib_a-malloc.o)
 .debug_frame   0x0000000000002da8       0x20 c:/st/stm32cubeide_1.7.0/stm32cubeide/plugins/com.st.stm32cube.ide.mcu.externaltools.gnu-tools-for-stm32.9-2020-q2-update.win32_2.0.0.202105311346/tools/bin/../lib/gcc/arm-none-eabi/9.3.1/../../../../arm-none-eabi/lib/thumb/v7-m/nofp\libc_nano.a(lib_a-memset.o)
 .debug_frame   0x0000000000002dc8       0x30 c:/st/stm32cubeide_1.7.0/stm32cubeide/plugins/com.st.stm32cube.ide.mcu.externaltools.gnu-tools-for-stm32.9-2020-q2-update.win32_2.0.0.202105311346/tools/bin/../lib/gcc/arm-none-eabi/9.3.1/../../../../arm-none-eabi/lib/thumb/v7-m/nofp\libc_nano.a(lib_a-nano-mallocr.o)
 .debug_frame   0x0000000000002df8       0x2c c:/st/stm32cubeide_1.7.0/stm32cubeide/plugins/com.st.stm32cube.ide.mcu.externaltools.gnu-tools-for-stm32.9-2020-q2-update.win32_2.0.0.202105311346/tools/bin/../lib/gcc/arm-none-eabi/9.3.1/../../../../arm-none-eabi/lib/thumb/v7-m/nofp\libc_nano.a(lib_a-sbrkr.o)
 .debug_frame   0x0000000000002e24       0x30 c:/st/stm32cubeide_1.7.0/stm32cubeide/plugins/com.st.stm32cube.ide.mcu.externaltools.gnu-tools-for-stm32.9-2020-q2-update.win32_2.0.0.202105311346/tools/bin/../lib/gcc/arm-none-eabi/9.3.1/../../../../arm-none-eabi/lib/thumb/v7-m/nofp\libc_nano.a(lib_a-mlock.o)
 .debug_frame   0x0000000000002e54       0x5c c:/st/stm32cubeide_1.7.0/stm32cubeide/plugins/com.st.stm32cube.ide.mcu.externaltools.gnu-tools-for-stm32.9-2020-q2-update.win32_2.0.0.202105311346/tools/bin/../lib/gcc/arm-none-eabi/9.3.1/../../../../arm-none-eabi/lib/thumb/v7-m/nofp\libc_nano.a(lib_a-reent.o)
 .debug_frame   0x0000000000002eb0       0xb0 c:/st/stm32cubeide_1.7.0/stm32cubeide/plugins/com.st.stm32cube.ide.mcu.externaltools.gnu-tools-for-stm32.9-2020-q2-update.win32_2.0.0.202105311346/tools/bin/../lib/gcc/arm-none-eabi/9.3.1/../../../../arm-none-eabi/lib/thumb/v7-m/nofp\libc_nano.a(lib_a-lock.o)
